lo0: flags=8049<UP,LOOPBACK,RUNNING,MULTICAST> mtu 16384
	options=1203<RXCSUM,TXCSUM,TXSTATUS,SW_TIMESTAMP>
	inet 127.0.0.1 netmask 0xff000000 
	inet6 ::1 prefixlen 128 
	inet6 fe80::1%lo0 prefixlen 64 scopeid 0x1 
	nd6 options=201<PERFORMNUD,DAD>
gif0: flags=8010<POINTOPOINT,MULTICAST> mtu 1280
stf0: flags=0<> mtu 1280
XHC20: flags=0<> mtu 0
en0: flags=8863<UP,BROADCAST,SMART,RUNNING,SIMPLEX,MULTICAST> mtu 1500
	ether 48:d7:05:be:13:7b 
	inet6 fe80::10d3:dea8:7751:5f0%en0 prefixlen 64 secured scopeid 0x5 
	inet 192.168.11.149 netmask 0xffffff00 broadcast 192.168.11.255
	nd6 options=201<PERFORMNUD,DAD>
	media: autoselect
	status: active
p2p0: flags=8843<UP,BROADCAST,RUNNING,SIMPLEX,MULTICAST> mtu 2304
	ether 0a:d7:05:be:13:7b 
	media: autoselect
	status: inactive
awdl0: flags=8943<UP,BROADCAST,RUNNING,PROMISC,SIMPLEX,MULTICAST> mtu 1484
	ether 6e:ff:4f:84:7b:ac 
	inet6 fe80::6cff:4fff:fe84:7bac%awdl0 prefixlen 64 scopeid 0x7 
	nd6 options=201<PERFORMNUD,DAD>
	media: autoselect
	status: active
en1: flags=8963<UP,BROADCAST,SMART,RUNNING,PROMISC,SIMPLEX,MULTICAST> mtu 1500
	options=60<TSO4,TSO6>
	ether 32:00:17:4b:e0:00 
	media: autoselect <full-duplex>
	status: inactive
bridge0: flags=8822<BROADCAST,SMART,SIMPLEX,MULTICAST> mtu 1500
	options=63<RXCSUM,TXCSUM,TSO4,TSO6>
	ether 32:00:17:4b:e0:00 
	Configuration:
		id 0:0:0:0:0:0 priority 0 hellotime 0 fwddelay 0
		maxage 0 holdcnt 0 proto stp maxaddr 100 timeout 1200
		root id 0:0:0:0:0:0 priority 0 ifcost 0 port 0
		ipfilter disabled flags 0x2
	member: en1 flags=3<LEARNING,DISCOVER>
	        ifmaxaddr 0 port 8 priority 0 path cost 0
	media: <unknown type>
	status: inactive
utun0: flags=8051<UP,POINTOPOINT,RUNNING,MULTICAST> mtu 2000
	inet6 fe80::ef83:f1b9:b424:cfa8%utun0 prefixlen 64 scopeid 0xa 
	nd6 options=201<PERFORMNUD,DAD>
PING www.a.shifen.com (180.101.49.12): 56 data bytes
64 bytes from 180.101.49.12: icmp_seq=0 ttl=52 time=10.046 ms
64 bytes from 180.101.49.12: icmp_seq=1 ttl=52 time=10.816 ms
64 bytes from 180.101.49.12: icmp_seq=2 ttl=52 time=10.380 ms
64 bytes from 180.101.49.12: icmp_seq=3 ttl=52 time=10.417 ms
64 bytes from 180.101.49.12: icmp_seq=4 ttl=52 time=11.129 ms

--- www.a.shifen.com ping statistics ---
6 packets transmitted, 5 packets received, 16.7% packet loss
round-trip min/avg/max/stddev = 10.046/10.558/11.129/0.376 ms
